Case #1: 2
Case #2: 0
Case #3: 10
Case #4: 1
Case #5: 1
Case #6: 1
Case #7: 7
Case #8: 1
Case #9: 0
Case #10: 7
Case #11: 2
Case #12: 3
Case #13: 0
Case #14: 6
Case #15: 1
Case #16: 0
Case #17: 1
Case #18: 0
Case #19: 1
Case #20: 1
Case #21: 3
Case #22: 3
Case #23: 19
Case #24: 3
Case #25: 4
Case #26: 23
Case #27: 1
Case #28: 2
Case #29: 1
Case #30: 0
Case #31: 0
Case #32: 3
Case #33: 5
Case #34: 2
Case #35: 6
Case #36: 1
Case #37: 2
Case #38: 2
Case #39: 10
Case #40: 7
Case #41: 0
Case #42: 3
Case #43: 28
Case #44: 7
Case #45: 4
Case #46: 0
Case #47: 2
Case #48: 3
Case #49: 4
Case #50: 4
Case #51: 0
Case #52: 4
Case #53: 0
Case #54: 1
Case #55: 4
Case #56: 0
Case #57: 11
Case #58: 9
Case #59: 3
Case #60: 7
Case #61: 1
Case #62: 2
Case #63: 1
Case #64: 7
Case #65: 7
Case #66: 1
Case #67: 1
Case #68: 1
Case #69: 2
Case #70: 2
Case #71: 3
Case #72: 0
Case #73: 4
Case #74: 0
Case #75: 0
Case #76: 3
Case #77: 3
Case #78: 3
Case #79: 3
Case #80: 4
Case #81: 0
Case #82: 1
Case #83: 6
Case #84: 1
Case #85: 0
Case #86: 0
Case #87: 2
Case #88: 4
Case #89: 2
Case #90: 28
Case #91: 20
Case #92: 4
Case #93: 1
Case #94: 4
Case #95: 4
Case #96: 7
Case #97: 1
Case #98: 0
Case #99: 23
Case #100: 3
