Case #1: 4
Case #2: 5
Case #3: 9
Case #4: 11
Case #5: 11
Case #6: 9
Case #7: 4
Case #8: 3
Case #9: 11
Case #10: 11
Case #11: 9
Case #12: 10
Case #13: 8
Case #14: 11
Case #15: 5
Case #16: 11
Case #17: 5
Case #18: 11
Case #19: 10
Case #20: 3
Case #21: 3
Case #22: 3
Case #23: 2
Case #24: 3
Case #25: 6
Case #26: 3
Case #27: 11
Case #28: 3
Case #29: 3
Case #30: 3
Case #31: 11
Case #32: 2
Case #33: 3
Case #34: 10
Case #35: 2
Case #36: 5
Case #37: 10
Case #38: 4
Case #39: 6
Case #40: 10
Case #41: 7
Case #42: 11
Case #43: 10
Case #44: 5
Case #45: 9
Case #46: 4
Case #47: 2
Case #48: 11
Case #49: 3
Case #50: 10
Case #51: 6
Case #52: 10
Case #53: 3
Case #54: 11
Case #55: 7
Case #56: 10
Case #57: 3
Case #58: 11
Case #59: 4
Case #60: 9
Case #61: 11
Case #62: 3
Case #63: 4
Case #64: 11
Case #65: 3
Case #66: 3
Case #67: 10
Case #68: 4
Case #69: 5
Case #70: 4
Case #71: 3
Case #72: 3
Case #73: 11
Case #74: 8
Case #75: 10
Case #76: 10
Case #77: 4
Case #78: 10
Case #79: 8
Case #80: 9
Case #81: 3
Case #82: 3
Case #83: 11
Case #84: 10
Case #85: 1
Case #86: 11
Case #87: 2
Case #88: 6
Case #89: 11
Case #90: 5
Case #91: 5
Case #92: 10
Case #93: 10
Case #94: 3
Case #95: 11
Case #96: 11
Case #97: 3
Case #98: 5
Case #99: 4
Case #100: 11
