Case #1: 1.000000
Case #2: 3.400000
Case #3: 9.842024